8 rnbqkbnr
7 pppppppp
6  _ _ _ _
5 _ _ _ _ 
4  _ _ _ _
3 _ _ _ _ 
2 PPPPPPPP
1 RNBQKBNR

  abcdefgh
8 rnbqkbnr
7 pppppppp
6  _ _ _ _
5 _ _ _ _ 
4  _ _P_ _
3 _ _ _ _ 
2 PPPP PPP
1 RNBQKBNR

  abcdefgh
8 rnbqkbnr
7 _ppppppp
6 p_ _ _ _
5 _ _ _ _ 
4  _ _P_ _
3 _ _ _ _ 
2 PPPP PPP
1 RNBQKBNR

  abcdefgh
8 rnbqkbnr
7 _ppppppp
6 p_ _ _ _
5 _ _ P _ 
4  _ _ _ _
3 _ _ _ _ 
2 PPPP PPP
1 RNBQKBNR

  abcdefgh
8 rnbqkbnr
7 _pp pppp
6 p_ _ _ _
5 _ _pP _ 
4  _ _ _ _
3 _ _ _ _ 
2 PPPP PPP
1 RNBQKBNR

  abcdefgh
8 rnbqkbnr
7 _pp pppp
6 p_ P _ _
5 _ _ _ _ 
4  _ _ _ _
3 _ _ _ _ 
2 PPPP PPP
1 RNBQKBNR

  abcdefgh
Final Score:
White: 0
Black: 0
