8 rnbqkbnr
7 pppppppp
6  _ _ _ _
5 _ _ _ _ 
4  _ _ _ _
3 _ _ _ _ 
2 PPPPPPPP
1 RNBQKBNR

  abcdefgh
8 rnbqkbnr
7 pppppppp
6  _ _ _ _
5 _ _ _ _ 
4  _ _ _P_
3 _ _ _ _ 
2 PPPPPP P
1 RNBQKBNR

  abcdefgh
8 rnbqkbnr
7 ppppppp 
6  _ _ _ _
5 _ _ _ _p
4  _ _ _P_
3 _ _ _ _ 
2 PPPPPP P
1 RNBQKBNR

  abcdefgh
8 rnbqkbnr
7 ppppppp 
6  _ _ _ _
5 _ _ _ _P
4  _ _ _ _
3 _ _ _ _ 
2 PPPPPP P
1 RNBQKBNR

  abcdefgh
8 rnbqkbnr
7 pppppp_ 
6  _ _ _ _
5 _ _ _ pP
4  _ _ _ _
3 _ _ _ _ 
2 PPPPPP P
1 RNBQKBNR

  abcdefgh
8 rnbqkbnr
7 pppppp_ 
6  _ _ _ _
5 _ _ _ pP
4  _ _ _ _
3 _ _ _N_ 
2 PPPPPP P
1 RNBQKB_R

  abcdefgh
8 rnbqkbnr
7 pppppp_ 
6  _ _ _ _
5 _ _ _ _P
4  _ _ _p_
3 _ _ _N_ 
2 PPPPPP P
1 RNBQKB_R

  abcdefgh
8 rnbqkbnr
7 pppppp_ 
6  _ _ _ _
5 _ _ _ _P
4  _ _ _p_
3 P _ _N_ 
2  PPPPP P
1 RNBQKB_R

  abcdefgh
8 rnbqkbnr
7 pppppp_ 
6  _ _ _ _
5 _ _ _ _P
4  _ _ _ _
3 P _ _Np 
2  PPPPP P
1 RNBQKB_R

  abcdefgh
8 rnbqkbnr
7 pppppp_ 
6  _ _ _ _
5 _ _ _ _P
4 P_ _ _ _
3 _ _ _Np 
2  PPPPP P
1 RNBQKB_R

  abcdefgh
8 rnbqkbnr
7 pppppp_ 
6  _ _ _ _
5 _ _ _ _P
4 P_ _ _ _
3 _ _ _N_ 
2  PPPPPpP
1 RNBQKB_R

  abcdefgh
8 rnbqkbnr
7 pppppp_ 
6  _ _ _ _
5 P _ _ _P
4  _ _ _ _
3 _ _ _N_ 
2  PPPPPpP
1 RNBQKB_R

  abcdefgh
8 rnbqkbnr
7 pppppp_ 
6  _ _ _ _
5 P _ _ _P
4  _ _ _ _
3 _ _ _N_ 
2  PPPPP P
1 RNBQKBqR

  abcdefgh
Final Score:
White: 0
Black: 0
